/Users/sleep/Library/Python/3.9/lib/python/site-packages/urllib3/__init__.py:35: NotOpenSSLWarning: urllib3 v2 only supports OpenSSL 1.1.1+, currently the 'ssl' module is compiled with 'LibreSSL 2.8.3'. See: https://github.com/urllib3/urllib3/issues/3020
  warnings.warn(
Loading configuration file configs/qlora_candidate_01.yaml
Loading pretrained model
Loading datasets
Training
Trainable parameters: 0.342% (5.276M/1543.714M)
Starting training..., iters: 1350

Calculating loss...:   0%|          | 0/50 [00:00<?, ?it/s]
Calculating loss...:   2%|▏         | 1/50 [00:00<00:23,  2.05it/s]
Calculating loss...:   4%|▍         | 2/50 [00:00<00:22,  2.12it/s]
Calculating loss...:   6%|▌         | 3/50 [00:01<00:22,  2.08it/s]
Calculating loss...:   8%|▊         | 4/50 [00:02<00:23,  1.92it/s]
Calculating loss...:  10%|█         | 5/50 [00:02<00:22,  1.96it/s]
Calculating loss...:  12%|█▏        | 6/50 [00:03<00:22,  1.99it/s]
Calculating loss...:  14%|█▍        | 7/50 [00:03<00:21,  2.01it/s]
Calculating loss...:  16%|█▌        | 8/50 [00:04<00:21,  1.98it/s]
Calculating loss...:  18%|█▊        | 9/50 [00:04<00:20,  2.00it/s]
Calculating loss...:  20%|██        | 10/50 [00:04<00:19,  2.05it/s]
Calculating loss...:  22%|██▏       | 11/50 [00:05<00:19,  2.01it/s]
Calculating loss...:  24%|██▍       | 12/50 [00:05<00:18,  2.02it/s]
Calculating loss...:  26%|██▌       | 13/50 [00:06<00:17,  2.06it/s]
Calculating loss...:  28%|██▊       | 14/50 [00:06<00:17,  2.02it/s]
Calculating loss...:  30%|███       | 15/50 [00:07<00:17,  1.99it/s]
Calculating loss...:  32%|███▏      | 16/50 [00:07<00:17,  1.96it/s]
Calculating loss...:  34%|███▍      | 17/50 [00:08<00:19,  1.73it/s]
Calculating loss...:  36%|███▌      | 18/50 [00:09<00:20,  1.53it/s]
Calculating loss...:  38%|███▊      | 19/50 [00:10<00:18,  1.65it/s]
Calculating loss...:  40%|████      | 20/50 [00:10<00:17,  1.75it/s]
Calculating loss...:  42%|████▏     | 21/50 [00:11<00:15,  1.83it/s]
Calculating loss...:  44%|████▍     | 22/50 [00:11<00:14,  1.88it/s]
Calculating loss...:  46%|████▌     | 23/50 [00:12<00:14,  1.89it/s]
Calculating loss...:  48%|████▊     | 24/50 [00:12<00:13,  1.93it/s]
Calculating loss...:  50%|█████     | 25/50 [00:13<00:13,  1.89it/s]
Calculating loss...:  52%|█████▏    | 26/50 [00:13<00:12,  1.93it/s]
Calculating loss...:  54%|█████▍    | 27/50 [00:14<00:11,  2.00it/s]
Calculating loss...:  56%|█████▌    | 28/50 [00:14<00:11,  1.97it/s]
Calculating loss...:  58%|█████▊    | 29/50 [00:15<00:10,  2.03it/s]
Calculating loss...:  60%|██████    | 30/50 [00:15<00:09,  2.03it/s]
Calculating loss...:  62%|██████▏   | 31/50 [00:16<00:10,  1.76it/s]
Calculating loss...:  64%|██████▍   | 32/50 [00:16<00:09,  1.84it/s]
Calculating loss...:  66%|██████▌   | 33/50 [00:17<00:09,  1.86it/s]
Calculating loss...:  68%|██████▊   | 34/50 [00:17<00:08,  1.87it/s]
Calculating loss...:  70%|███████   | 35/50 [00:18<00:07,  1.92it/s]
Calculating loss...:  72%|███████▏  | 36/50 [00:18<00:07,  1.99it/s]
Calculating loss...:  74%|███████▍  | 37/50 [00:19<00:06,  2.00it/s]
Calculating loss...:  76%|███████▌  | 38/50 [00:19<00:06,  1.86it/s]
Calculating loss...:  78%|███████▊  | 39/50 [00:20<00:05,  1.88it/s]
Calculating loss...:  80%|████████  | 40/50 [00:20<00:05,  1.88it/s]
Calculating loss...:  82%|████████▏ | 41/50 [00:21<00:04,  1.89it/s]
Calculating loss...:  84%|████████▍ | 42/50 [00:22<00:04,  1.77it/s]
Calculating loss...:  86%|████████▌ | 43/50 [00:22<00:03,  1.84it/s]
Calculating loss...:  88%|████████▊ | 44/50 [00:23<00:03,  1.89it/s]
Calculating loss...:  90%|█████████ | 45/50 [00:23<00:02,  1.90it/s]
Calculating loss...:  92%|█████████▏| 46/50 [00:24<00:02,  1.93it/s]
Calculating loss...:  94%|█████████▍| 47/50 [00:24<00:01,  1.92it/s]
Calculating loss...:  96%|█████████▌| 48/50 [00:25<00:01,  1.85it/s]
Calculating loss...:  98%|█████████▊| 49/50 [00:25<00:00,  1.77it/s]
Calculating loss...: 100%|██████████| 50/50 [00:26<00:00,  1.84it/s]
Calculating loss...: 100%|██████████| 50/50 [00:26<00:00,  1.90it/s]
Iter 1: Val loss 1.536, Val took 26.350s
Iter 10: Train loss 1.515, Learning Rate 1.000e-05, It/sec 0.926, Tokens/sec 168.389, Trained Tokens 1819, Peak mem 4.626 GB
Iter 20: Train loss 1.084, Learning Rate 1.000e-05, It/sec 1.035, Tokens/sec 132.377, Trained Tokens 3098, Peak mem 4.626 GB
Iter 30: Train loss 1.092, Learning Rate 1.000e-05, It/sec 0.938, Tokens/sec 156.104, Trained Tokens 4762, Peak mem 4.626 GB
Iter 40: Train loss 0.928, Learning Rate 1.000e-05, It/sec 0.939, Tokens/sec 153.883, Trained Tokens 6400, Peak mem 4.626 GB
Iter 50: Train loss 0.875, Learning Rate 1.000e-05, It/sec 1.078, Tokens/sec 106.961, Trained Tokens 7392, Peak mem 4.626 GB
Iter 60: Train loss 1.053, Learning Rate 1.000e-05, It/sec 0.949, Tokens/sec 147.492, Trained Tokens 8947, Peak mem 4.626 GB
Iter 70: Train loss 1.017, Learning Rate 1.000e-05, It/sec 0.991, Tokens/sec 129.062, Trained Tokens 10249, Peak mem 4.626 GB
Iter 80: Train loss 0.978, Learning Rate 1.000e-05, It/sec 0.995, Tokens/sec 113.716, Trained Tokens 11392, Peak mem 4.626 GB
Iter 90: Train loss 0.950, Learning Rate 1.000e-05, It/sec 0.925, Tokens/sec 134.737, Trained Tokens 12848, Peak mem 4.626 GB
Iter 100: Train loss 0.984, Learning Rate 1.000e-05, It/sec 0.914, Tokens/sec 128.969, Trained Tokens 14259, Peak mem 4.626 GB
Iter 110: Train loss 1.040, Learning Rate 1.000e-05, It/sec 0.909, Tokens/sec 142.580, Trained Tokens 15827, Peak mem 4.626 GB
Iter 120: Train loss 0.975, Learning Rate 1.000e-05, It/sec 0.895, Tokens/sec 129.988, Trained Tokens 17279, Peak mem 4.626 GB
Iter 130: Train loss 0.948, Learning Rate 1.000e-05, It/sec 0.842, Tokens/sec 133.067, Trained Tokens 18859, Peak mem 4.626 GB
Iter 140: Train loss 1.045, Learning Rate 1.000e-05, It/sec 0.915, Tokens/sec 101.242, Trained Tokens 19965, Peak mem 4.626 GB

Calculating loss...:   0%|          | 0/50 [00:00<?, ?it/s]
Calculating loss...:   2%|▏         | 1/50 [00:00<00:30,  1.60it/s]
Calculating loss...:   4%|▍         | 2/50 [00:01<00:33,  1.45it/s]
Calculating loss...:   6%|▌         | 3/50 [00:01<00:30,  1.54it/s]
Calculating loss...:   8%|▊         | 4/50 [00:02<00:28,  1.62it/s]
Calculating loss...:  10%|█         | 5/50 [00:03<00:26,  1.67it/s]
Calculating loss...:  12%|█▏        | 6/50 [00:03<00:26,  1.66it/s]
Calculating loss...:  14%|█▍        | 7/50 [00:04<00:25,  1.68it/s]
Calculating loss...:  16%|█▌        | 8/50 [00:04<00:25,  1.65it/s]
Calculating loss...:  18%|█▊        | 9/50 [00:05<00:24,  1.66it/s]
Calculating loss...:  20%|██        | 10/50 [00:06<00:24,  1.66it/s]
Calculating loss...:  22%|██▏       | 11/50 [00:06<00:23,  1.69it/s]
Calculating loss...:  24%|██▍       | 12/50 [00:07<00:22,  1.68it/s]
Calculating loss...:  26%|██▌       | 13/50 [00:07<00:22,  1.67it/s]
Calculating loss...:  28%|██▊       | 14/50 [00:08<00:21,  1.70it/s]
Calculating loss...:  30%|███       | 15/50 [00:09<00:21,  1.62it/s]
Calculating loss...:  32%|███▏      | 16/50 [00:09<00:22,  1.54it/s]
Calculating loss...:  34%|███▍      | 17/50 [00:10<00:20,  1.60it/s]
Calculating loss...:  36%|███▌      | 18/50 [00:11<00:19,  1.62it/s]
Calculating loss...:  38%|███▊      | 19/50 [00:11<00:19,  1.62it/s]
Calculating loss...:  40%|████      | 20/50 [00:12<00:18,  1.66it/s]
Calculating loss...:  42%|████▏     | 21/50 [00:12<00:17,  1.69it/s]
Calculating loss...:  44%|████▍     | 22/50 [00:13<00:17,  1.64it/s]
Calculating loss...:  46%|████▌     | 23/50 [00:14<00:16,  1.61it/s]
Calculating loss...:  48%|████▊     | 24/50 [00:14<00:15,  1.66it/s]
Calculating loss...:  50%|█████     | 25/50 [00:15<00:15,  1.57it/s]
Calculating loss...:  52%|█████▏    | 26/50 [00:16<00:15,  1.53it/s]
Calculating loss...:  54%|█████▍    | 27/50 [00:16<00:14,  1.56it/s]
Calculating loss...:  56%|█████▌    | 28/50 [00:17<00:14,  1.52it/s]
Calculating loss...:  58%|█████▊    | 29/50 [00:18<00:14,  1.42it/s]
Calculating loss...:  60%|██████    | 30/50 [00:18<00:14,  1.38it/s]
Calculating loss...:  62%|██████▏   | 31/50 [00:19<00:13,  1.42it/s]
Calculating loss...:  64%|██████▍   | 32/50 [00:20<00:11,  1.52it/s]
Calculating loss...:  66%|██████▌   | 33/50 [00:20<00:10,  1.55it/s]
Calculating loss...:  68%|██████▊   | 34/50 [00:21<00:10,  1.60it/s]
Calculating loss...:  70%|███████   | 35/50 [00:22<00:10,  1.37it/s]
Calculating loss...:  72%|███████▏  | 36/50 [00:22<00:09,  1.43it/s]
Calculating loss...:  74%|███████▍  | 37/50 [00:23<00:08,  1.51it/s]
Calculating loss...:  76%|███████▌  | 38/50 [00:24<00:08,  1.46it/s]
Calculating loss...:  78%|███████▊  | 39/50 [00:25<00:07,  1.41it/s]
Calculating loss...:  80%|████████  | 40/50 [00:25<00:06,  1.47it/s]
Calculating loss...:  82%|████████▏ | 41/50 [00:26<00:05,  1.51it/s]
Calculating loss...:  84%|████████▍ | 42/50 [00:26<00:05,  1.55it/s]
Calculating loss...:  86%|████████▌ | 43/50 [00:27<00:04,  1.57it/s]
Calculating loss...:  88%|████████▊ | 44/50 [00:28<00:03,  1.58it/s]
Calculating loss...:  90%|█████████ | 45/50 [00:28<00:03,  1.59it/s]
Calculating loss...:  92%|█████████▏| 46/50 [00:29<00:02,  1.60it/s]
Calculating loss...:  94%|█████████▍| 47/50 [00:30<00:01,  1.54it/s]
Calculating loss...:  96%|█████████▌| 48/50 [00:31<00:01,  1.30it/s]
Calculating loss...:  98%|█████████▊| 49/50 [00:31<00:00,  1.40it/s]
Calculating loss...: 100%|██████████| 50/50 [00:32<00:00,  1.43it/s]
Calculating loss...: 100%|██████████| 50/50 [00:32<00:00,  1.55it/s]
Iter 150: Val loss 0.951, Val took 32.352s
Iter 150: Train loss 0.952, Learning Rate 1.000e-05, It/sec 0.807, Tokens/sec 129.465, Trained Tokens 21570, Peak mem 4.626 GB
Iter 150: Saved adapter weights to artifacts/stage5/candidate_01/adapter/adapters.safetensors and artifacts/stage5/candidate_01/adapter/0000150_adapters.safetensors.
Iter 160: Train loss 0.912, Learning Rate 1.000e-05, It/sec 0.797, Tokens/sec 105.070, Trained Tokens 22888, Peak mem 4.626 GB
Iter 170: Train loss 0.890, Learning Rate 1.000e-05, It/sec 0.737, Tokens/sec 122.420, Trained Tokens 24548, Peak mem 4.626 GB
Iter 180: Train loss 0.804, Learning Rate 1.000e-05, It/sec 0.815, Tokens/sec 103.859, Trained Tokens 25823, Peak mem 4.626 GB
Iter 190: Train loss 0.860, Learning Rate 1.000e-05, It/sec 0.757, Tokens/sec 118.851, Trained Tokens 27392, Peak mem 4.626 GB
Iter 200: Train loss 0.782, Learning Rate 1.000e-05, It/sec 0.768, Tokens/sec 120.627, Trained Tokens 28962, Peak mem 4.626 GB
Iter 210: Train loss 0.886, Learning Rate 1.000e-05, It/sec 0.800, Tokens/sec 113.564, Trained Tokens 30381, Peak mem 4.626 GB
Iter 220: Train loss 0.867, Learning Rate 1.000e-05, It/sec 0.729, Tokens/sec 128.409, Trained Tokens 32142, Peak mem 4.626 GB
Iter 230: Train loss 0.883, Learning Rate 1.000e-05, It/sec 0.792, Tokens/sec 110.103, Trained Tokens 33533, Peak mem 4.626 GB
Iter 240: Train loss 0.780, Learning Rate 1.000e-05, It/sec 0.786, Tokens/sec 111.445, Trained Tokens 34950, Peak mem 4.626 GB
Iter 250: Train loss 0.887, Learning Rate 1.000e-05, It/sec 0.777, Tokens/sec 116.049, Trained Tokens 36444, Peak mem 4.626 GB
Iter 260: Train loss 0.786, Learning Rate 1.000e-05, It/sec 0.777, Tokens/sec 114.531, Trained Tokens 37918, Peak mem 4.626 GB
Iter 270: Train loss 0.896, Learning Rate 1.000e-05, It/sec 0.798, Tokens/sec 104.443, Trained Tokens 39227, Peak mem 4.626 GB
Iter 280: Train loss 0.771, Learning Rate 1.000e-05, It/sec 0.789, Tokens/sec 105.049, Trained Tokens 40559, Peak mem 4.626 GB
Iter 290: Train loss 0.799, Learning Rate 1.000e-05, It/sec 0.830, Tokens/sec 94.204, Trained Tokens 41694, Peak mem 4.626 GB

Calculating loss...:   0%|          | 0/50 [00:00<?, ?it/s]
Calculating loss...:   2%|▏         | 1/50 [00:00<00:38,  1.29it/s]
Calculating loss...:   4%|▍         | 2/50 [00:01<00:37,  1.29it/s]
Calculating loss...:   6%|▌         | 3/50 [00:02<00:35,  1.34it/s]
Calculating loss...:   8%|▊         | 4/50 [00:02<00:32,  1.42it/s]
Calculating loss...:  10%|█         | 5/50 [00:03<00:30,  1.47it/s]
Calculating loss...:  12%|█▏        | 6/50 [00:04<00:28,  1.56it/s]
Calculating loss...:  14%|█▍        | 7/50 [00:04<00:30,  1.41it/s]
Calculating loss...:  16%|█▌        | 8/50 [00:05<00:28,  1.46it/s]
Calculating loss...:  18%|█▊        | 9/50 [00:06<00:29,  1.41it/s]
Calculating loss...:  20%|██        | 10/50 [00:07<00:27,  1.44it/s]
Calculating loss...:  22%|██▏       | 11/50 [00:07<00:26,  1.50it/s]
Calculating loss...:  24%|██▍       | 12/50 [00:08<00:26,  1.46it/s]
Calculating loss...:  26%|██▌       | 13/50 [00:09<00:25,  1.48it/s]
Calculating loss...:  28%|██▊       | 14/50 [00:09<00:24,  1.49it/s]
Calculating loss...:  30%|███       | 15/50 [00:10<00:23,  1.49it/s]
Calculating loss...:  32%|███▏      | 16/50 [00:11<00:23,  1.46it/s]
Calculating loss...:  34%|███▍      | 17/50 [00:11<00:22,  1.48it/s]
Calculating loss...:  36%|███▌      | 18/50 [00:12<00:21,  1.50it/s]
Calculating loss...:  38%|███▊      | 19/50 [00:12<00:20,  1.51it/s]
Calculating loss...:  40%|████      | 20/50 [00:13<00:20,  1.44it/s]
Calculating loss...:  42%|████▏     | 21/50 [00:14<00:21,  1.35it/s]
Calculating loss...:  44%|████▍     | 22/50 [00:15<00:19,  1.40it/s]
Calculating loss...:  46%|████▌     | 23/50 [00:16<00:19,  1.39it/s]
Calculating loss...:  48%|████▊     | 24/50 [00:16<00:17,  1.46it/s]
Calculating loss...:  50%|█████     | 25/50 [00:17<00:18,  1.36it/s]
Calculating loss...:  52%|█████▏    | 26/50 [00:18<00:17,  1.39it/s]
Calculating loss...:  54%|█████▍    | 27/50 [00:18<00:16,  1.43it/s]
Calculating loss...:  56%|█████▌    | 28/50 [00:19<00:15,  1.44it/s]
Calculating loss...:  58%|█████▊    | 29/50 [00:20<00:14,  1.48it/s]
Calculating loss...:  60%|██████    | 30/50 [00:20<00:13,  1.50it/s]
Calculating loss...:  62%|██████▏   | 31/50 [00:21<00:12,  1.52it/s]
Calculating loss...:  64%|██████▍   | 32/50 [00:22<00:11,  1.53it/s]
Calculating loss...:  66%|██████▌   | 33/50 [00:22<00:11,  1.53it/s]
Calculating loss...:  68%|██████▊   | 34/50 [00:23<00:10,  1.53it/s]
Calculating loss...:  70%|███████   | 35/50 [00:23<00:09,  1.54it/s]
Calculating loss...:  72%|███████▏  | 36/50 [00:24<00:09,  1.51it/s]
Calculating loss...:  74%|███████▍  | 37/50 [00:25<00:08,  1.53it/s]
Calculating loss...:  76%|███████▌  | 38/50 [00:26<00:08,  1.41it/s]
Calculating loss...:  78%|███████▊  | 39/50 [00:26<00:07,  1.48it/s]
Calculating loss...:  80%|████████  | 40/50 [00:27<00:06,  1.47it/s]
Calculating loss...:  82%|████████▏ | 41/50 [00:28<00:06,  1.37it/s]
Calculating loss...:  84%|████████▍ | 42/50 [00:28<00:05,  1.40it/s]
Calculating loss...:  86%|████████▌ | 43/50 [00:29<00:05,  1.34it/s]
Calculating loss...:  88%|████████▊ | 44/50 [00:30<00:04,  1.40it/s]
Calculating loss...:  90%|█████████ | 45/50 [00:31<00:03,  1.39it/s]
Calculating loss...:  92%|█████████▏| 46/50 [00:31<00:02,  1.44it/s]
Calculating loss...:  94%|█████████▍| 47/50 [00:32<00:02,  1.50it/s]
Calculating loss...:  96%|█████████▌| 48/50 [00:32<00:01,  1.56it/s]
Calculating loss...:  98%|█████████▊| 49/50 [00:33<00:00,  1.56it/s]
Calculating loss...: 100%|██████████| 50/50 [00:34<00:00,  1.47it/s]
Calculating loss...: 100%|██████████| 50/50 [00:34<00:00,  1.45it/s]
Iter 300: Val loss 0.853, Val took 34.387s
Iter 300: Train loss 0.799, Learning Rate 1.000e-05, It/sec 0.817, Tokens/sec 97.830, Trained Tokens 42892, Peak mem 4.626 GB
Iter 300: Saved adapter weights to artifacts/stage5/candidate_01/adapter/adapters.safetensors and artifacts/stage5/candidate_01/adapter/0000300_adapters.safetensors.
Iter 310: Train loss 0.712, Learning Rate 1.000e-05, It/sec 0.741, Tokens/sec 115.189, Trained Tokens 44446, Peak mem 4.626 GB
Iter 320: Train loss 0.726, Learning Rate 1.000e-05, It/sec 0.713, Tokens/sec 114.485, Trained Tokens 46051, Peak mem 4.626 GB
Iter 330: Train loss 0.815, Learning Rate 1.000e-05, It/sec 0.733, Tokens/sec 110.238, Trained Tokens 47554, Peak mem 4.626 GB
Iter 340: Train loss 0.735, Learning Rate 1.000e-05, It/sec 0.764, Tokens/sec 103.818, Trained Tokens 48912, Peak mem 4.626 GB
Iter 350: Train loss 0.864, Learning Rate 1.000e-05, It/sec 0.743, Tokens/sec 115.895, Trained Tokens 50472, Peak mem 4.626 GB
Iter 360: Train loss 1.034, Learning Rate 1.000e-05, It/sec 0.749, Tokens/sec 113.872, Trained Tokens 51993, Peak mem 4.626 GB
Iter 370: Train loss 0.902, Learning Rate 1.000e-05, It/sec 0.724, Tokens/sec 121.778, Trained Tokens 53676, Peak mem 4.626 GB
Iter 380: Train loss 0.862, Learning Rate 1.000e-05, It/sec 0.777, Tokens/sec 109.191, Trained Tokens 55082, Peak mem 4.626 GB
Iter 390: Train loss 0.753, Learning Rate 1.000e-05, It/sec 0.772, Tokens/sec 106.947, Trained Tokens 56467, Peak mem 4.626 GB
Iter 400: Train loss 0.786, Learning Rate 1.000e-05, It/sec 0.736, Tokens/sec 111.187, Trained Tokens 57977, Peak mem 4.626 GB
Iter 410: Train loss 0.705, Learning Rate 1.000e-05, It/sec 0.838, Tokens/sec 81.783, Trained Tokens 58953, Peak mem 4.626 GB
Iter 420: Train loss 0.749, Learning Rate 1.000e-05, It/sec 0.800, Tokens/sec 92.084, Trained Tokens 60104, Peak mem 4.626 GB
Iter 430: Train loss 0.808, Learning Rate 1.000e-05, It/sec 0.810, Tokens/sec 87.518, Trained Tokens 61185, Peak mem 4.626 GB
Iter 440: Train loss 0.739, Learning Rate 1.000e-05, It/sec 0.789, Tokens/sec 98.272, Trained Tokens 62431, Peak mem 4.626 GB

Calculating loss...:   0%|          | 0/50 [00:00<?, ?it/s]
Calculating loss...:   2%|▏         | 1/50 [00:00<00:36,  1.33it/s]
Calculating loss...:   4%|▍         | 2/50 [00:01<00:33,  1.42it/s]
Calculating loss...:   6%|▌         | 3/50 [00:02<00:32,  1.46it/s]
Calculating loss...:   8%|▊         | 4/50 [00:02<00:31,  1.44it/s]
Calculating loss...:  10%|█         | 5/50 [00:03<00:32,  1.38it/s]
Calculating loss...:  12%|█▏        | 6/50 [00:04<00:30,  1.43it/s]
Calculating loss...:  14%|█▍        | 7/50 [00:05<00:34,  1.26it/s]
Calculating loss...:  16%|█▌        | 8/50 [00:05<00:31,  1.33it/s]
Calculating loss...:  18%|█▊        | 9/50 [00:06<00:32,  1.27it/s]
Calculating loss...:  20%|██        | 10/50 [00:07<00:29,  1.36it/s]
Calculating loss...:  22%|██▏       | 11/50 [00:08<00:28,  1.38it/s]
Calculating loss...:  24%|██▍       | 12/50 [00:08<00:27,  1.40it/s]
Calculating loss...:  26%|██▌       | 13/50 [00:09<00:25,  1.44it/s]
Calculating loss...:  28%|██▊       | 14/50 [00:10<00:24,  1.47it/s]
Calculating loss...:  30%|███       | 15/50 [00:10<00:23,  1.50it/s]
Calculating loss...:  32%|███▏      | 16/50 [00:11<00:24,  1.37it/s]
Calculating loss...:  34%|███▍      | 17/50 [00:12<00:23,  1.41it/s]
Calculating loss...:  36%|███▌      | 18/50 [00:12<00:21,  1.47it/s]
Calculating loss...:  38%|███▊      | 19/50 [00:13<00:23,  1.29it/s]
Calculating loss...:  40%|████      | 20/50 [00:14<00:23,  1.27it/s]
Calculating loss...:  42%|████▏     | 21/50 [00:15<00:22,  1.32it/s]
Calculating loss...:  44%|████▍     | 22/50 [00:16<00:20,  1.35it/s]
Calculating loss...:  46%|████▌     | 23/50 [00:16<00:19,  1.39it/s]
Calculating loss...:  48%|████▊     | 24/50 [00:17<00:18,  1.43it/s]
Calculating loss...:  50%|█████     | 25/50 [00:17<00:16,  1.48it/s]
Calculating loss...:  52%|█████▏    | 26/50 [00:18<00:16,  1.49it/s]
Calculating loss...:  54%|█████▍    | 27/50 [00:19<00:16,  1.42it/s]
Calculating loss...:  56%|█████▌    | 28/50 [00:20<00:15,  1.46it/s]
Calculating loss...:  58%|█████▊    | 29/50 [00:20<00:14,  1.48it/s]
Calculating loss...:  60%|██████    | 30/50 [00:21<00:13,  1.51it/s]
Calculating loss...:  62%|██████▏   | 31/50 [00:22<00:13,  1.43it/s]
Calculating loss...:  64%|██████▍   | 32/50 [00:22<00:12,  1.47it/s]
Calculating loss...:  66%|██████▌   | 33/50 [00:23<00:11,  1.51it/s]
Calculating loss...:  68%|██████▊   | 34/50 [00:24<00:12,  1.30it/s]
Calculating loss...:  70%|███████   | 35/50 [00:25<00:10,  1.38it/s]
Calculating loss...:  72%|███████▏  | 36/50 [00:25<00:09,  1.42it/s]
Calculating loss...:  74%|███████▍  | 37/50 [00:26<00:08,  1.45it/s]
Calculating loss...:  76%|███████▌  | 38/50 [00:27<00:08,  1.46it/s]
Calculating loss...:  78%|███████▊  | 39/50 [00:27<00:07,  1.47it/s]
Calculating loss...:  80%|████████  | 40/50 [00:28<00:06,  1.49it/s]
Calculating loss...:  82%|████████▏ | 41/50 [00:29<00:06,  1.32it/s]
Calculating loss...:  84%|████████▍ | 42/50 [00:29<00:05,  1.37it/s]
Calculating loss...:  86%|████████▌ | 43/50 [00:30<00:04,  1.41it/s]
Calculating loss...:  88%|████████▊ | 44/50 [00:31<00:04,  1.44it/s]
Calculating loss...:  90%|█████████ | 45/50 [00:32<00:03,  1.35it/s]
Calculating loss...:  92%|█████████▏| 46/50 [00:32<00:02,  1.39it/s]
Calculating loss...:  94%|█████████▍| 47/50 [00:33<00:02,  1.44it/s]
Calculating loss...:  96%|█████████▌| 48/50 [00:34<00:01,  1.43it/s]
Calculating loss...:  98%|█████████▊| 49/50 [00:34<00:00,  1.46it/s]
Calculating loss...: 100%|██████████| 50/50 [00:35<00:00,  1.45it/s]
Calculating loss...: 100%|██████████| 50/50 [00:35<00:00,  1.41it/s]
Iter 450: Val loss 0.812, Val took 35.487s
Iter 450: Train loss 0.777, Learning Rate 1.000e-05, It/sec 0.742, Tokens/sec 115.595, Trained Tokens 63989, Peak mem 4.626 GB
Iter 450: Saved adapter weights to artifacts/stage5/candidate_01/adapter/adapters.safetensors and artifacts/stage5/candidate_01/adapter/0000450_adapters.safetensors.
Iter 460: Train loss 0.674, Learning Rate 1.000e-05, It/sec 0.771, Tokens/sec 91.299, Trained Tokens 65173, Peak mem 4.626 GB
Iter 470: Train loss 0.708, Learning Rate 1.000e-05, It/sec 0.771, Tokens/sec 93.195, Trained Tokens 66382, Peak mem 4.626 GB
Iter 480: Train loss 0.728, Learning Rate 1.000e-05, It/sec 0.747, Tokens/sec 99.692, Trained Tokens 67716, Peak mem 4.626 GB
Iter 490: Train loss 0.731, Learning Rate 1.000e-05, It/sec 0.775, Tokens/sec 87.041, Trained Tokens 68839, Peak mem 4.626 GB
Iter 500: Train loss 0.686, Learning Rate 1.000e-05, It/sec 0.756, Tokens/sec 91.728, Trained Tokens 70053, Peak mem 4.626 GB
Iter 510: Train loss 0.701, Learning Rate 1.000e-05, It/sec 0.766, Tokens/sec 96.248, Trained Tokens 71309, Peak mem 4.626 GB
Iter 520: Train loss 0.795, Learning Rate 1.000e-05, It/sec 0.732, Tokens/sec 105.600, Trained Tokens 72751, Peak mem 4.626 GB
Iter 530: Train loss 0.674, Learning Rate 1.000e-05, It/sec 0.769, Tokens/sec 96.918, Trained Tokens 74012, Peak mem 4.626 GB
Iter 540: Train loss 0.681, Learning Rate 1.000e-05, It/sec 0.766, Tokens/sec 96.104, Trained Tokens 75267, Peak mem 4.626 GB
Iter 550: Train loss 0.784, Learning Rate 1.000e-05, It/sec 0.737, Tokens/sec 103.880, Trained Tokens 76676, Peak mem 4.626 GB
Iter 560: Train loss 0.783, Learning Rate 1.000e-05, It/sec 0.731, Tokens/sec 104.689, Trained Tokens 78109, Peak mem 4.626 GB
Iter 570: Train loss 0.686, Learning Rate 1.000e-05, It/sec 0.731, Tokens/sec 97.959, Trained Tokens 79449, Peak mem 4.626 GB
Iter 580: Train loss 0.790, Learning Rate 1.000e-05, It/sec 0.717, Tokens/sec 111.696, Trained Tokens 81007, Peak mem 4.626 GB
Iter 590: Train loss 0.751, Learning Rate 1.000e-05, It/sec 0.762, Tokens/sec 93.634, Trained Tokens 82236, Peak mem 4.626 GB

Calculating loss...:   0%|          | 0/50 [00:00<?, ?it/s]
Calculating loss...:   2%|▏         | 1/50 [00:00<00:35,  1.39it/s]
Calculating loss...:   4%|▍         | 2/50 [00:01<00:35,  1.36it/s]
Calculating loss...:   6%|▌         | 3/50 [00:02<00:33,  1.39it/s]
Calculating loss...:   8%|▊         | 4/50 [00:02<00:34,  1.35it/s]
Calculating loss...:  10%|█         | 5/50 [00:03<00:32,  1.40it/s]
Calculating loss...:  12%|█▏        | 6/50 [00:04<00:32,  1.34it/s]
Calculating loss...:  14%|█▍        | 7/50 [00:05<00:34,  1.26it/s]
Calculating loss...:  16%|█▌        | 8/50 [00:06<00:33,  1.25it/s]
Calculating loss...:  18%|█▊        | 9/50 [00:06<00:31,  1.31it/s]
Calculating loss...:  20%|██        | 10/50 [00:07<00:29,  1.34it/s]
Calculating loss...:  22%|██▏       | 11/50 [00:08<00:28,  1.37it/s]
Calculating loss...:  24%|██▍       | 12/50 [00:08<00:27,  1.38it/s]
Calculating loss...:  26%|██▌       | 13/50 [00:09<00:25,  1.43it/s]
Calculating loss...:  28%|██▊       | 14/50 [00:10<00:25,  1.41it/s]
Calculating loss...:  30%|███       | 15/50 [00:10<00:24,  1.46it/s]
Calculating loss...:  32%|███▏      | 16/50 [00:11<00:23,  1.46it/s]
Calculating loss...:  34%|███▍      | 17/50 [00:12<00:24,  1.36it/s]
Calculating loss...:  36%|███▌      | 18/50 [00:13<00:23,  1.34it/s]
Calculating loss...:  38%|███▊      | 19/50 [00:13<00:22,  1.38it/s]
Calculating loss...:  40%|████      | 20/50 [00:14<00:21,  1.41it/s]
Calculating loss...:  42%|████▏     | 21/50 [00:15<00:20,  1.40it/s]
Calculating loss...:  44%|████▍     | 22/50 [00:15<00:19,  1.42it/s]
Calculating loss...:  46%|████▌     | 23/50 [00:16<00:19,  1.40it/s]
Calculating loss...:  48%|████▊     | 24/50 [00:17<00:18,  1.39it/s]
Calculating loss...:  50%|█████     | 25/50 [00:18<00:18,  1.38it/s]
Calculating loss...:  52%|█████▏    | 26/50 [00:18<00:17,  1.41it/s]
Calculating loss...:  54%|█████▍    | 27/50 [00:19<00:16,  1.38it/s]
Calculating loss...:  56%|█████▌    | 28/50 [00:20<00:16,  1.37it/s]
Calculating loss...:  58%|█████▊    | 29/50 [00:21<00:15,  1.37it/s]
Calculating loss...:  60%|██████    | 30/50 [00:21<00:14,  1.39it/s]
Calculating loss...:  62%|██████▏   | 31/50 [00:22<00:13,  1.41it/s]
Calculating loss...:  64%|██████▍   | 32/50 [00:23<00:13,  1.38it/s]
Calculating loss...:  66%|██████▌   | 33/50 [00:23<00:11,  1.43it/s]
Calculating loss...:  68%|██████▊   | 34/50 [00:24<00:11,  1.42it/s]
Calculating loss...:  70%|███████   | 35/50 [00:25<00:12,  1.25it/s]
Calculating loss...:  72%|███████▏  | 36/50 [00:26<00:10,  1.30it/s]
Calculating loss...:  74%|███████▍  | 37/50 [00:27<00:09,  1.34it/s]
Calculating loss...:  76%|███████▌  | 38/50 [00:27<00:09,  1.32it/s]
Calculating loss...:  78%|███████▊  | 39/50 [00:28<00:08,  1.25it/s]
Calculating loss...:  80%|████████  | 40/50 [00:29<00:07,  1.31it/s]
Calculating loss...:  82%|████████▏ | 41/50 [00:30<00:06,  1.36it/s]
Calculating loss...:  84%|████████▍ | 42/50 [00:31<00:06,  1.20it/s]
Calculating loss...:  86%|████████▌ | 43/50 [00:31<00:05,  1.26it/s]
Calculating loss...:  88%|████████▊ | 44/50 [00:32<00:04,  1.33it/s]
Calculating loss...:  90%|█████████ | 45/50 [00:33<00:03,  1.34it/s]
Calculating loss...:  92%|█████████▏| 46/50 [00:33<00:03,  1.33it/s]
Calculating loss...:  94%|█████████▍| 47/50 [00:34<00:02,  1.37it/s]
Calculating loss...:  96%|█████████▌| 48/50 [00:35<00:01,  1.40it/s]
Calculating loss...:  98%|█████████▊| 49/50 [00:35<00:00,  1.44it/s]
Calculating loss...: 100%|██████████| 50/50 [00:36<00:00,  1.41it/s]
Calculating loss...: 100%|██████████| 50/50 [00:36<00:00,  1.36it/s]
Iter 600: Val loss 0.809, Val took 36.693s
Iter 600: Train loss 0.701, Learning Rate 1.000e-05, It/sec 0.767, Tokens/sec 93.837, Trained Tokens 83459, Peak mem 4.626 GB
Iter 600: Saved adapter weights to artifacts/stage5/candidate_01/adapter/adapters.safetensors and artifacts/stage5/candidate_01/adapter/0000600_adapters.safetensors.
Iter 610: Train loss 0.834, Learning Rate 1.000e-05, It/sec 0.682, Tokens/sec 106.055, Trained Tokens 85014, Peak mem 4.626 GB
Iter 620: Train loss 0.729, Learning Rate 1.000e-05, It/sec 0.711, Tokens/sec 98.774, Trained Tokens 86403, Peak mem 4.626 GB
Iter 630: Train loss 0.772, Learning Rate 1.000e-05, It/sec 0.707, Tokens/sec 102.889, Trained Tokens 87858, Peak mem 4.626 GB
Iter 640: Train loss 0.824, Learning Rate 1.000e-05, It/sec 0.725, Tokens/sec 97.062, Trained Tokens 89196, Peak mem 4.626 GB
Iter 650: Train loss 0.791, Learning Rate 1.000e-05, It/sec 0.725, Tokens/sec 101.303, Trained Tokens 90594, Peak mem 4.626 GB
Iter 660: Train loss 0.709, Learning Rate 1.000e-05, It/sec 0.745, Tokens/sec 93.317, Trained Tokens 91847, Peak mem 4.626 GB
Iter 670: Train loss 0.662, Learning Rate 1.000e-05, It/sec 0.788, Tokens/sec 82.238, Trained Tokens 92890, Peak mem 4.626 GB
Iter 680: Train loss 0.643, Learning Rate 1.000e-05, It/sec 0.720, Tokens/sec 99.496, Trained Tokens 94271, Peak mem 4.626 GB
Iter 690: Train loss 0.771, Learning Rate 1.000e-05, It/sec 0.699, Tokens/sec 120.433, Trained Tokens 95994, Peak mem 4.626 GB
Iter 700: Train loss 0.731, Learning Rate 1.000e-05, It/sec 0.768, Tokens/sec 99.532, Trained Tokens 97290, Peak mem 4.626 GB
Iter 710: Train loss 0.729, Learning Rate 1.000e-05, It/sec 0.760, Tokens/sec 110.048, Trained Tokens 98738, Peak mem 4.626 GB
Iter 720: Train loss 0.650, Learning Rate 1.000e-05, It/sec 0.763, Tokens/sec 117.331, Trained Tokens 100275, Peak mem 4.626 GB
Iter 730: Train loss 0.732, Learning Rate 1.000e-05, It/sec 0.786, Tokens/sec 108.088, Trained Tokens 101651, Peak mem 4.626 GB
Iter 740: Train loss 0.755, Learning Rate 1.000e-05, It/sec 0.782, Tokens/sec 111.419, Trained Tokens 103076, Peak mem 4.626 GB

Calculating loss...:   0%|          | 0/50 [00:00<?, ?it/s]
Calculating loss...:   2%|▏         | 1/50 [00:00<00:31,  1.57it/s]
Calculating loss...:   4%|▍         | 2/50 [00:01<00:32,  1.48it/s]
Calculating loss...:   6%|▌         | 3/50 [00:02<00:32,  1.44it/s]
Calculating loss...:   8%|▊         | 4/50 [00:02<00:30,  1.49it/s]
Calculating loss...:  10%|█         | 5/50 [00:03<00:29,  1.51it/s]
Calculating loss...:  12%|█▏        | 6/50 [00:04<00:31,  1.39it/s]
Calculating loss...:  14%|█▍        | 7/50 [00:05<00:32,  1.31it/s]
Calculating loss...:  16%|█▌        | 8/50 [00:05<00:33,  1.26it/s]
Calculating loss...:  18%|█▊        | 9/50 [00:06<00:32,  1.26it/s]
Calculating loss...:  20%|██        | 10/50 [00:07<00:30,  1.31it/s]
Calculating loss...:  22%|██▏       | 11/50 [00:08<00:29,  1.34it/s]
Calculating loss...:  24%|██▍       | 12/50 [00:08<00:27,  1.37it/s]
Calculating loss...:  26%|██▌       | 13/50 [00:09<00:26,  1.41it/s]
Calculating loss...:  28%|██▊       | 14/50 [00:10<00:26,  1.35it/s]
Calculating loss...:  30%|███       | 15/50 [00:11<00:26,  1.31it/s]
Calculating loss...:  32%|███▏      | 16/50 [00:11<00:26,  1.26it/s]
Calculating loss...:  34%|███▍      | 17/50 [00:12<00:25,  1.30it/s]
Calculating loss...:  36%|███▌      | 18/50 [00:13<00:24,  1.32it/s]
Calculating loss...:  38%|███▊      | 19/50 [00:14<00:22,  1.39it/s]
Calculating loss...:  40%|████      | 20/50 [00:14<00:21,  1.41it/s]
Calculating loss...:  42%|████▏     | 21/50 [00:15<00:20,  1.42it/s]
Calculating loss...:  44%|████▍     | 22/50 [00:16<00:19,  1.46it/s]
Calculating loss...:  46%|████▌     | 23/50 [00:16<00:18,  1.43it/s]
Calculating loss...:  48%|████▊     | 24/50 [00:17<00:19,  1.33it/s]
Calculating loss...:  50%|█████     | 25/50 [00:18<00:21,  1.16it/s]
Calculating loss...:  52%|█████▏    | 26/50 [00:19<00:19,  1.23it/s]
Calculating loss...:  54%|█████▍    | 27/50 [00:20<00:17,  1.33it/s]
Calculating loss...:  56%|█████▌    | 28/50 [00:20<00:15,  1.39it/s]
Calculating loss...:  58%|█████▊    | 29/50 [00:21<00:14,  1.49it/s]
Calculating loss...:  60%|██████    | 30/50 [00:21<00:13,  1.47it/s]
Calculating loss...:  62%|██████▏   | 31/50 [00:22<00:13,  1.41it/s]
Calculating loss...:  64%|██████▍   | 32/50 [00:23<00:12,  1.42it/s]
Calculating loss...:  66%|██████▌   | 33/50 [00:24<00:11,  1.45it/s]
Calculating loss...:  68%|██████▊   | 34/50 [00:24<00:10,  1.52it/s]
Calculating loss...:  70%|███████   | 35/50 [00:25<00:09,  1.53it/s]
Calculating loss...:  72%|███████▏  | 36/50 [00:25<00:09,  1.50it/s]
Calculating loss...:  74%|███████▍  | 37/50 [00:26<00:08,  1.51it/s]
Calculating loss...:  76%|███████▌  | 38/50 [00:27<00:08,  1.48it/s]
Calculating loss...:  78%|███████▊  | 39/50 [00:28<00:07,  1.44it/s]
Calculating loss...:  80%|████████  | 40/50 [00:28<00:06,  1.46it/s]
Calculating loss...:  82%|████████▏ | 41/50 [00:29<00:06,  1.41it/s]
Calculating loss...:  84%|████████▍ | 42/50 [00:30<00:05,  1.45it/s]
Calculating loss...:  86%|████████▌ | 43/50 [00:30<00:04,  1.48it/s]
Calculating loss...:  88%|████████▊ | 44/50 [00:31<00:04,  1.49it/s]
Calculating loss...:  90%|█████████ | 45/50 [00:32<00:03,  1.53it/s]
Calculating loss...:  92%|█████████▏| 46/50 [00:33<00:03,  1.33it/s]
Calculating loss...:  94%|█████████▍| 47/50 [00:33<00:02,  1.37it/s]
Calculating loss...:  96%|█████████▌| 48/50 [00:34<00:01,  1.39it/s]
Calculating loss...:  98%|█████████▊| 49/50 [00:35<00:00,  1.38it/s]
Calculating loss...: 100%|██████████| 50/50 [00:35<00:00,  1.37it/s]
Calculating loss...: 100%|██████████| 50/50 [00:35<00:00,  1.39it/s]
Iter 750: Val loss 0.772, Val took 35.912s
Iter 750: Train loss 0.854, Learning Rate 1.000e-05, It/sec 0.732, Tokens/sec 111.061, Trained Tokens 104593, Peak mem 4.626 GB
Iter 750: Saved adapter weights to artifacts/stage5/candidate_01/adapter/adapters.safetensors and artifacts/stage5/candidate_01/adapter/0000750_adapters.safetensors.
Iter 760: Train loss 0.841, Learning Rate 1.000e-05, It/sec 0.722, Tokens/sec 114.834, Trained Tokens 106183, Peak mem 4.626 GB
Iter 770: Train loss 0.766, Learning Rate 1.000e-05, It/sec 0.786, Tokens/sec 87.085, Trained Tokens 107291, Peak mem 4.626 GB
Iter 780: Train loss 0.742, Learning Rate 1.000e-05, It/sec 0.682, Tokens/sec 125.258, Trained Tokens 109128, Peak mem 4.626 GB
Iter 790: Train loss 0.747, Learning Rate 1.000e-05, It/sec 0.713, Tokens/sec 120.327, Trained Tokens 110815, Peak mem 4.742 GB
Iter 800: Train loss 0.692, Learning Rate 1.000e-05, It/sec 0.738, Tokens/sec 114.597, Trained Tokens 112368, Peak mem 4.742 GB
Iter 810: Train loss 0.802, Learning Rate 1.000e-05, It/sec 0.746, Tokens/sec 114.350, Trained Tokens 113900, Peak mem 4.742 GB
Iter 820: Train loss 0.651, Learning Rate 1.000e-05, It/sec 0.761, Tokens/sec 110.314, Trained Tokens 115349, Peak mem 4.742 GB
Iter 830: Train loss 0.697, Learning Rate 1.000e-05, It/sec 0.793, Tokens/sec 95.980, Trained Tokens 116560, Peak mem 4.742 GB
Iter 840: Train loss 0.820, Learning Rate 1.000e-05, It/sec 0.765, Tokens/sec 106.489, Trained Tokens 117952, Peak mem 4.742 GB
Iter 850: Train loss 0.549, Learning Rate 1.000e-05, It/sec 0.830, Tokens/sec 88.007, Trained Tokens 119012, Peak mem 4.742 GB
Iter 860: Train loss 0.701, Learning Rate 1.000e-05, It/sec 0.744, Tokens/sec 115.661, Trained Tokens 120566, Peak mem 4.742 GB
Iter 870: Train loss 0.709, Learning Rate 1.000e-05, It/sec 0.745, Tokens/sec 113.783, Trained Tokens 122093, Peak mem 4.742 GB
Iter 880: Train loss 0.639, Learning Rate 1.000e-05, It/sec 0.814, Tokens/sec 89.338, Trained Tokens 123191, Peak mem 4.742 GB
Iter 890: Train loss 0.667, Learning Rate 1.000e-05, It/sec 0.748, Tokens/sec 125.755, Trained Tokens 124872, Peak mem 4.742 GB

Calculating loss...:   0%|          | 0/50 [00:00<?, ?it/s]
Calculating loss...:   2%|▏         | 1/50 [00:00<00:29,  1.64it/s]
Calculating loss...:   4%|▍         | 2/50 [00:01<00:28,  1.66it/s]
Calculating loss...:   6%|▌         | 3/50 [00:01<00:29,  1.58it/s]
Calculating loss...:   8%|▊         | 4/50 [00:02<00:31,  1.48it/s]
Calculating loss...:  10%|█         | 5/50 [00:03<00:31,  1.43it/s]
Calculating loss...:  12%|█▏        | 6/50 [00:04<00:30,  1.44it/s]
Calculating loss...:  14%|█▍        | 7/50 [00:04<00:28,  1.48it/s]
Calculating loss...:  16%|█▌        | 8/50 [00:05<00:27,  1.52it/s]
Calculating loss...:  18%|█▊        | 9/50 [00:05<00:26,  1.54it/s]
Calculating loss...:  20%|██        | 10/50 [00:06<00:25,  1.55it/s]
Calculating loss...:  22%|██▏       | 11/50 [00:07<00:27,  1.41it/s]
Calculating loss...:  24%|██▍       | 12/50 [00:08<00:25,  1.46it/s]
Calculating loss...:  26%|██▌       | 13/50 [00:08<00:25,  1.45it/s]
Calculating loss...:  28%|██▊       | 14/50 [00:09<00:23,  1.51it/s]
Calculating loss...:  30%|███       | 15/50 [00:10<00:23,  1.48it/s]
Calculating loss...:  32%|███▏      | 16/50 [00:10<00:22,  1.48it/s]
Calculating loss...:  34%|███▍      | 17/50 [00:11<00:22,  1.49it/s]
Calculating loss...:  36%|███▌      | 18/50 [00:12<00:21,  1.51it/s]
Calculating loss...:  38%|███▊      | 19/50 [00:12<00:20,  1.51it/s]
Calculating loss...:  40%|████      | 20/50 [00:13<00:19,  1.54it/s]
Calculating loss...:  42%|████▏     | 21/50 [00:13<00:18,  1.56it/s]
Calculating loss...:  44%|████▍     | 22/50 [00:14<00:17,  1.57it/s]
Calculating loss...:  46%|████▌     | 23/50 [00:15<00:17,  1.58it/s]
Calculating loss...:  48%|████▊     | 24/50 [00:15<00:16,  1.55it/s]
Calculating loss...:  50%|█████     | 25/50 [00:16<00:18,  1.36it/s]
Calculating loss...:  52%|█████▏    | 26/50 [00:17<00:17,  1.40it/s]
Calculating loss...:  54%|█████▍    | 27/50 [00:18<00:16,  1.37it/s]
Calculating loss...:  56%|█████▌    | 28/50 [00:18<00:15,  1.46it/s]
Calculating loss...:  58%|█████▊    | 29/50 [00:19<00:13,  1.52it/s]
Calculating loss...:  60%|██████    | 30/50 [00:20<00:13,  1.45it/s]
Calculating loss...:  62%|██████▏   | 31/50 [00:20<00:12,  1.49it/s]
Calculating loss...:  64%|██████▍   | 32/50 [00:21<00:12,  1.46it/s]
Calculating loss...:  66%|██████▌   | 33/50 [00:22<00:12,  1.39it/s]
Calculating loss...:  68%|██████▊   | 34/50 [00:22<00:11,  1.42it/s]
Calculating loss...:  70%|███████   | 35/50 [00:23<00:10,  1.44it/s]
Calculating loss...:  72%|███████▏  | 36/50 [00:24<00:09,  1.46it/s]
Calculating loss...:  74%|███████▍  | 37/50 [00:24<00:08,  1.49it/s]
Calculating loss...:  76%|███████▌  | 38/50 [00:25<00:08,  1.49it/s]
Calculating loss...:  78%|███████▊  | 39/50 [00:26<00:07,  1.49it/s]
Calculating loss...:  80%|████████  | 40/50 [00:26<00:06,  1.54it/s]
Calculating loss...:  82%|████████▏ | 41/50 [00:27<00:05,  1.55it/s]
Calculating loss...:  84%|████████▍ | 42/50 [00:28<00:05,  1.47it/s]
Calculating loss...:  86%|████████▌ | 43/50 [00:28<00:04,  1.54it/s]
Calculating loss...:  88%|████████▊ | 44/50 [00:29<00:03,  1.55it/s]
Calculating loss...:  90%|█████████ | 45/50 [00:30<00:03,  1.53it/s]
Calculating loss...:  92%|█████████▏| 46/50 [00:30<00:02,  1.50it/s]
Calculating loss...:  94%|█████████▍| 47/50 [00:31<00:01,  1.52it/s]
Calculating loss...:  96%|█████████▌| 48/50 [00:32<00:01,  1.48it/s]
Calculating loss...:  98%|█████████▊| 49/50 [00:32<00:00,  1.49it/s]
Calculating loss...: 100%|██████████| 50/50 [00:33<00:00,  1.53it/s]
Calculating loss...: 100%|██████████| 50/50 [00:33<00:00,  1.49it/s]
Iter 900: Val loss 0.759, Val took 33.531s
Iter 900: Train loss 0.783, Learning Rate 1.000e-05, It/sec 0.832, Tokens/sec 92.103, Trained Tokens 125979, Peak mem 4.742 GB
Iter 900: Saved adapter weights to artifacts/stage5/candidate_01/adapter/adapters.safetensors and artifacts/stage5/candidate_01/adapter/0000900_adapters.safetensors.
Iter 910: Train loss 0.705, Learning Rate 1.000e-05, It/sec 0.752, Tokens/sec 113.506, Trained Tokens 127489, Peak mem 4.742 GB
Iter 920: Train loss 0.674, Learning Rate 1.000e-05, It/sec 0.767, Tokens/sec 104.653, Trained Tokens 128853, Peak mem 4.742 GB
Iter 930: Train loss 0.764, Learning Rate 1.000e-05, It/sec 0.787, Tokens/sec 96.995, Trained Tokens 130085, Peak mem 4.742 GB
Iter 940: Train loss 0.597, Learning Rate 1.000e-05, It/sec 0.767, Tokens/sec 105.783, Trained Tokens 131465, Peak mem 4.742 GB
Iter 950: Train loss 0.637, Learning Rate 1.000e-05, It/sec 0.774, Tokens/sec 102.212, Trained Tokens 132785, Peak mem 4.742 GB
Iter 960: Train loss 0.760, Learning Rate 1.000e-05, It/sec 0.770, Tokens/sec 98.225, Trained Tokens 134061, Peak mem 4.742 GB
Iter 970: Train loss 0.704, Learning Rate 1.000e-05, It/sec 0.744, Tokens/sec 114.102, Trained Tokens 135595, Peak mem 4.742 GB
Iter 980: Train loss 0.733, Learning Rate 1.000e-05, It/sec 0.766, Tokens/sec 109.374, Trained Tokens 137023, Peak mem 4.742 GB
Iter 990: Train loss 0.767, Learning Rate 1.000e-05, It/sec 0.743, Tokens/sec 119.661, Trained Tokens 138633, Peak mem 4.742 GB
Iter 1000: Train loss 0.832, Learning Rate 1.000e-05, It/sec 0.733, Tokens/sec 118.184, Trained Tokens 140246, Peak mem 4.742 GB
Iter 1010: Train loss 0.726, Learning Rate 1.000e-05, It/sec 0.659, Tokens/sec 142.533, Trained Tokens 142410, Peak mem 4.742 GB
Iter 1020: Train loss 0.759, Learning Rate 1.000e-05, It/sec 0.818, Tokens/sec 90.065, Trained Tokens 143511, Peak mem 4.742 GB
Iter 1030: Train loss 0.760, Learning Rate 1.000e-05, It/sec 0.812, Tokens/sec 91.135, Trained Tokens 144633, Peak mem 4.742 GB
Iter 1040: Train loss 0.696, Learning Rate 1.000e-05, It/sec 0.751, Tokens/sec 112.261, Trained Tokens 146128, Peak mem 4.742 GB

Calculating loss...:   0%|          | 0/50 [00:00<?, ?it/s]
Calculating loss...:   2%|▏         | 1/50 [00:00<00:32,  1.49it/s]
Calculating loss...:   4%|▍         | 2/50 [00:01<00:35,  1.34it/s]
Calculating loss...:   6%|▌         | 3/50 [00:02<00:35,  1.33it/s]
Calculating loss...:   8%|▊         | 4/50 [00:02<00:32,  1.44it/s]
Calculating loss...:  10%|█         | 5/50 [00:03<00:30,  1.48it/s]
Calculating loss...:  12%|█▏        | 6/50 [00:04<00:34,  1.26it/s]
Calculating loss...:  14%|█▍        | 7/50 [00:05<00:32,  1.33it/s]
Calculating loss...:  16%|█▌        | 8/50 [00:05<00:29,  1.41it/s]
Calculating loss...:  18%|█▊        | 9/50 [00:06<00:28,  1.46it/s]
Calculating loss...:  20%|██        | 10/50 [00:07<00:26,  1.48it/s]
Calculating loss...:  22%|██▏       | 11/50 [00:07<00:26,  1.47it/s]
Calculating loss...:  24%|██▍       | 12/50 [00:08<00:26,  1.46it/s]
Calculating loss...:  26%|██▌       | 13/50 [00:09<00:24,  1.51it/s]
Calculating loss...:  28%|██▊       | 14/50 [00:09<00:23,  1.52it/s]
Calculating loss...:  30%|███       | 15/50 [00:10<00:23,  1.50it/s]
Calculating loss...:  32%|███▏      | 16/50 [00:11<00:22,  1.50it/s]
Calculating loss...:  34%|███▍      | 17/50 [00:11<00:21,  1.53it/s]
Calculating loss...:  36%|███▌      | 18/50 [00:12<00:21,  1.50it/s]
Calculating loss...:  38%|███▊      | 19/50 [00:13<00:22,  1.38it/s]
Calculating loss...:  40%|████      | 20/50 [00:13<00:21,  1.42it/s]
Calculating loss...:  42%|████▏     | 21/50 [00:14<00:19,  1.45it/s]
Calculating loss...:  44%|████▍     | 22/50 [00:15<00:18,  1.50it/s]
Calculating loss...:  46%|████▌     | 23/50 [00:15<00:17,  1.51it/s]
Calculating loss...:  48%|████▊     | 24/50 [00:16<00:17,  1.49it/s]
Calculating loss...:  50%|█████     | 25/50 [00:17<00:16,  1.51it/s]
Calculating loss...:  52%|█████▏    | 26/50 [00:17<00:16,  1.49it/s]
Calculating loss...:  54%|█████▍    | 27/50 [00:18<00:15,  1.52it/s]
Calculating loss...:  56%|█████▌    | 28/50 [00:19<00:16,  1.32it/s]
Calculating loss...:  58%|█████▊    | 29/50 [00:20<00:15,  1.33it/s]
Calculating loss...:  60%|██████    | 30/50 [00:20<00:14,  1.38it/s]
Calculating loss...:  62%|██████▏   | 31/50 [00:21<00:14,  1.33it/s]
Calculating loss...:  64%|██████▍   | 32/50 [00:22<00:12,  1.39it/s]
Calculating loss...:  66%|██████▌   | 33/50 [00:22<00:11,  1.46it/s]
Calculating loss...:  68%|██████▊   | 34/50 [00:23<00:11,  1.45it/s]
Calculating loss...:  70%|███████   | 35/50 [00:24<00:10,  1.48it/s]
Calculating loss...:  72%|███████▏  | 36/50 [00:25<00:09,  1.41it/s]
Calculating loss...:  74%|███████▍  | 37/50 [00:25<00:09,  1.34it/s]
Calculating loss...:  76%|███████▌  | 38/50 [00:26<00:08,  1.39it/s]
Calculating loss...:  78%|███████▊  | 39/50 [00:27<00:07,  1.40it/s]
Calculating loss...:  80%|████████  | 40/50 [00:27<00:07,  1.41it/s]
Calculating loss...:  82%|████████▏ | 41/50 [00:28<00:06,  1.45it/s]
Calculating loss...:  84%|████████▍ | 42/50 [00:29<00:05,  1.52it/s]
Calculating loss...:  86%|████████▌ | 43/50 [00:29<00:04,  1.54it/s]
Calculating loss...:  88%|████████▊ | 44/50 [00:30<00:03,  1.50it/s]
Calculating loss...:  90%|█████████ | 45/50 [00:31<00:03,  1.51it/s]
Calculating loss...:  92%|█████████▏| 46/50 [00:31<00:02,  1.42it/s]
Calculating loss...:  94%|█████████▍| 47/50 [00:32<00:02,  1.44it/s]
Calculating loss...:  96%|█████████▌| 48/50 [00:33<00:01,  1.44it/s]
Calculating loss...:  98%|█████████▊| 49/50 [00:33<00:00,  1.47it/s]
Calculating loss...: 100%|██████████| 50/50 [00:34<00:00,  1.51it/s]
Calculating loss...: 100%|██████████| 50/50 [00:34<00:00,  1.44it/s]
Iter 1050: Val loss 0.750, Val took 34.617s
Iter 1050: Train loss 0.703, Learning Rate 1.000e-05, It/sec 0.749, Tokens/sec 113.500, Trained Tokens 147643, Peak mem 4.742 GB
Iter 1050: Saved adapter weights to artifacts/stage5/candidate_01/adapter/adapters.safetensors and artifacts/stage5/candidate_01/adapter/0001050_adapters.safetensors.
Iter 1060: Train loss 0.678, Learning Rate 1.000e-05, It/sec 0.752, Tokens/sec 105.696, Trained Tokens 149048, Peak mem 4.742 GB
Iter 1070: Train loss 0.731, Learning Rate 1.000e-05, It/sec 0.764, Tokens/sec 98.894, Trained Tokens 150342, Peak mem 4.742 GB
Iter 1080: Train loss 0.651, Learning Rate 1.000e-05, It/sec 0.795, Tokens/sec 90.841, Trained Tokens 151485, Peak mem 4.742 GB
Iter 1090: Train loss 0.682, Learning Rate 1.000e-05, It/sec 0.754, Tokens/sec 108.041, Trained Tokens 152917, Peak mem 4.742 GB
Iter 1100: Train loss 0.709, Learning Rate 1.000e-05, It/sec 0.746, Tokens/sec 106.595, Trained Tokens 154345, Peak mem 4.742 GB
Iter 1110: Train loss 0.660, Learning Rate 1.000e-05, It/sec 0.765, Tokens/sec 97.331, Trained Tokens 155617, Peak mem 4.742 GB
Iter 1120: Train loss 0.690, Learning Rate 1.000e-05, It/sec 0.748, Tokens/sec 103.163, Trained Tokens 156997, Peak mem 4.742 GB
Iter 1130: Train loss 0.660, Learning Rate 1.000e-05, It/sec 0.774, Tokens/sec 95.680, Trained Tokens 158233, Peak mem 4.742 GB
Iter 1140: Train loss 0.732, Learning Rate 1.000e-05, It/sec 0.743, Tokens/sec 107.767, Trained Tokens 159683, Peak mem 4.742 GB
Iter 1150: Train loss 0.668, Learning Rate 1.000e-05, It/sec 0.726, Tokens/sec 116.471, Trained Tokens 161287, Peak mem 4.742 GB
Iter 1160: Train loss 0.700, Learning Rate 1.000e-05, It/sec 0.745, Tokens/sec 115.346, Trained Tokens 162836, Peak mem 4.742 GB
Iter 1170: Train loss 0.724, Learning Rate 1.000e-05, It/sec 0.772, Tokens/sec 105.649, Trained Tokens 164204, Peak mem 4.742 GB
Iter 1180: Train loss 0.674, Learning Rate 1.000e-05, It/sec 0.831, Tokens/sec 87.540, Trained Tokens 165257, Peak mem 4.742 GB
Iter 1190: Train loss 0.606, Learning Rate 1.000e-05, It/sec 0.785, Tokens/sec 99.363, Trained Tokens 166523, Peak mem 4.742 GB

Calculating loss...:   0%|          | 0/50 [00:00<?, ?it/s]
Calculating loss...:   2%|▏         | 1/50 [00:00<00:31,  1.56it/s]
Calculating loss...:   4%|▍         | 2/50 [00:01<00:34,  1.40it/s]
Calculating loss...:   6%|▌         | 3/50 [00:02<00:32,  1.45it/s]
Calculating loss...:   8%|▊         | 4/50 [00:02<00:31,  1.48it/s]
Calculating loss...:  10%|█         | 5/50 [00:03<00:30,  1.50it/s]
Calculating loss...:  12%|█▏        | 6/50 [00:04<00:29,  1.47it/s]
Calculating loss...:  14%|█▍        | 7/50 [00:04<00:28,  1.50it/s]
Calculating loss...:  16%|█▌        | 8/50 [00:05<00:28,  1.49it/s]
Calculating loss...:  18%|█▊        | 9/50 [00:06<00:28,  1.42it/s]
Calculating loss...:  20%|██        | 10/50 [00:06<00:29,  1.37it/s]
Calculating loss...:  22%|██▏       | 11/50 [00:07<00:27,  1.40it/s]
Calculating loss...:  24%|██▍       | 12/50 [00:08<00:26,  1.43it/s]
Calculating loss...:  26%|██▌       | 13/50 [00:09<00:26,  1.38it/s]
Calculating loss...:  28%|██▊       | 14/50 [00:09<00:25,  1.40it/s]
Calculating loss...:  30%|███       | 15/50 [00:10<00:25,  1.37it/s]
Calculating loss...:  32%|███▏      | 16/50 [00:11<00:24,  1.42it/s]
Calculating loss...:  34%|███▍      | 17/50 [00:11<00:22,  1.45it/s]
Calculating loss...:  36%|███▌      | 18/50 [00:12<00:23,  1.37it/s]
Calculating loss...:  38%|███▊      | 19/50 [00:13<00:22,  1.41it/s]
Calculating loss...:  40%|████      | 20/50 [00:14<00:22,  1.34it/s]
Calculating loss...:  42%|████▏     | 21/50 [00:14<00:20,  1.39it/s]
Calculating loss...:  44%|████▍     | 22/50 [00:15<00:19,  1.41it/s]
Calculating loss...:  46%|████▌     | 23/50 [00:16<00:18,  1.47it/s]
Calculating loss...:  48%|████▊     | 24/50 [00:16<00:17,  1.49it/s]
Calculating loss...:  50%|█████     | 25/50 [00:17<00:16,  1.49it/s]
Calculating loss...:  52%|█████▏    | 26/50 [00:18<00:15,  1.53it/s]
Calculating loss...:  54%|█████▍    | 27/50 [00:18<00:16,  1.38it/s]
Calculating loss...:  56%|█████▌    | 28/50 [00:19<00:16,  1.32it/s]
Calculating loss...:  58%|█████▊    | 29/50 [00:20<00:15,  1.35it/s]
Calculating loss...:  60%|██████    | 30/50 [00:21<00:14,  1.36it/s]
Calculating loss...:  62%|██████▏   | 31/50 [00:21<00:13,  1.37it/s]
Calculating loss...:  64%|██████▍   | 32/50 [00:22<00:12,  1.41it/s]
Calculating loss...:  66%|██████▌   | 33/50 [00:23<00:12,  1.35it/s]
Calculating loss...:  68%|██████▊   | 34/50 [00:24<00:11,  1.42it/s]
Calculating loss...:  70%|███████   | 35/50 [00:24<00:10,  1.47it/s]
Calculating loss...:  72%|███████▏  | 36/50 [00:25<00:10,  1.36it/s]
Calculating loss...:  74%|███████▍  | 37/50 [00:26<00:09,  1.41it/s]
Calculating loss...:  76%|███████▌  | 38/50 [00:27<00:09,  1.32it/s]
Calculating loss...:  78%|███████▊  | 39/50 [00:27<00:08,  1.35it/s]
Calculating loss...:  80%|████████  | 40/50 [00:28<00:07,  1.39it/s]
Calculating loss...:  82%|████████▏ | 41/50 [00:29<00:06,  1.35it/s]
Calculating loss...:  84%|████████▍ | 42/50 [00:29<00:05,  1.39it/s]
Calculating loss...:  86%|████████▌ | 43/50 [00:30<00:04,  1.42it/s]
Calculating loss...:  88%|████████▊ | 44/50 [00:31<00:04,  1.41it/s]
Calculating loss...:  90%|█████████ | 45/50 [00:31<00:03,  1.47it/s]
Calculating loss...:  92%|█████████▏| 46/50 [00:32<00:02,  1.48it/s]
Calculating loss...:  94%|█████████▍| 47/50 [00:33<00:02,  1.48it/s]
Calculating loss...:  96%|█████████▌| 48/50 [00:33<00:01,  1.46it/s]
Calculating loss...:  98%|█████████▊| 49/50 [00:34<00:00,  1.44it/s]
Calculating loss...: 100%|██████████| 50/50 [00:35<00:00,  1.46it/s]
Calculating loss...: 100%|██████████| 50/50 [00:35<00:00,  1.42it/s]
Iter 1200: Val loss 0.757, Val took 35.292s
Iter 1200: Train loss 0.755, Learning Rate 1.000e-05, It/sec 0.759, Tokens/sec 107.373, Trained Tokens 167937, Peak mem 4.742 GB
Iter 1200: Saved adapter weights to artifacts/stage5/candidate_01/adapter/adapters.safetensors and artifacts/stage5/candidate_01/adapter/0001200_adapters.safetensors.
Iter 1210: Train loss 0.754, Learning Rate 1.000e-05, It/sec 0.788, Tokens/sec 85.867, Trained Tokens 169026, Peak mem 4.742 GB
Iter 1220: Train loss 0.643, Learning Rate 1.000e-05, It/sec 0.737, Tokens/sec 102.527, Trained Tokens 170417, Peak mem 4.742 GB
Iter 1230: Train loss 0.643, Learning Rate 1.000e-05, It/sec 0.747, Tokens/sec 98.981, Trained Tokens 171742, Peak mem 4.742 GB
Iter 1240: Train loss 0.632, Learning Rate 1.000e-05, It/sec 0.716, Tokens/sec 109.270, Trained Tokens 173268, Peak mem 4.742 GB
Iter 1250: Train loss 0.779, Learning Rate 1.000e-05, It/sec 0.748, Tokens/sec 101.564, Trained Tokens 174626, Peak mem 4.742 GB
Iter 1260: Train loss 0.712, Learning Rate 1.000e-05, It/sec 0.736, Tokens/sec 109.623, Trained Tokens 176115, Peak mem 4.742 GB
Iter 1270: Train loss 0.626, Learning Rate 1.000e-05, It/sec 0.697, Tokens/sec 115.154, Trained Tokens 177768, Peak mem 4.742 GB
Iter 1280: Train loss 0.638, Learning Rate 1.000e-05, It/sec 0.746, Tokens/sec 101.019, Trained Tokens 179122, Peak mem 4.742 GB
Iter 1290: Train loss 0.754, Learning Rate 1.000e-05, It/sec 0.746, Tokens/sec 109.643, Trained Tokens 180591, Peak mem 4.742 GB
Iter 1300: Train loss 0.525, Learning Rate 1.000e-05, It/sec 0.784, Tokens/sec 98.891, Trained Tokens 181852, Peak mem 4.742 GB
Iter 1310: Train loss 0.632, Learning Rate 1.000e-05, It/sec 0.761, Tokens/sec 100.335, Trained Tokens 183170, Peak mem 4.742 GB
Iter 1320: Train loss 0.616, Learning Rate 1.000e-05, It/sec 0.724, Tokens/sec 114.945, Trained Tokens 184757, Peak mem 4.742 GB
Iter 1330: Train loss 0.601, Learning Rate 1.000e-05, It/sec 0.745, Tokens/sec 107.399, Trained Tokens 186198, Peak mem 4.742 GB
Iter 1340: Train loss 0.696, Learning Rate 1.000e-05, It/sec 0.770, Tokens/sec 98.215, Trained Tokens 187473, Peak mem 4.742 GB

Calculating loss...:   0%|          | 0/50 [00:00<?, ?it/s]
Calculating loss...:   2%|▏         | 1/50 [00:00<00:34,  1.42it/s]
Calculating loss...:   4%|▍         | 2/50 [00:01<00:41,  1.15it/s]
Calculating loss...:   6%|▌         | 3/50 [00:02<00:37,  1.26it/s]
Calculating loss...:   8%|▊         | 4/50 [00:02<00:32,  1.41it/s]
Calculating loss...:  10%|█         | 5/50 [00:03<00:32,  1.39it/s]
Calculating loss...:  12%|█▏        | 6/50 [00:04<00:30,  1.44it/s]
Calculating loss...:  14%|█▍        | 7/50 [00:04<00:28,  1.50it/s]
Calculating loss...:  16%|█▌        | 8/50 [00:05<00:27,  1.54it/s]
Calculating loss...:  18%|█▊        | 9/50 [00:06<00:26,  1.53it/s]
Calculating loss...:  20%|██        | 10/50 [00:06<00:26,  1.51it/s]
Calculating loss...:  22%|██▏       | 11/50 [00:07<00:25,  1.51it/s]
Calculating loss...:  24%|██▍       | 12/50 [00:08<00:25,  1.48it/s]
Calculating loss...:  26%|██▌       | 13/50 [00:08<00:24,  1.49it/s]
Calculating loss...:  28%|██▊       | 14/50 [00:09<00:24,  1.45it/s]
Calculating loss...:  30%|███       | 15/50 [00:10<00:23,  1.47it/s]
Calculating loss...:  32%|███▏      | 16/50 [00:11<00:22,  1.48it/s]
Calculating loss...:  34%|███▍      | 17/50 [00:11<00:22,  1.49it/s]
Calculating loss...:  36%|███▌      | 18/50 [00:12<00:21,  1.52it/s]
Calculating loss...:  38%|███▊      | 19/50 [00:12<00:20,  1.49it/s]
Calculating loss...:  40%|████      | 20/50 [00:13<00:19,  1.52it/s]
Calculating loss...:  42%|████▏     | 21/50 [00:14<00:19,  1.53it/s]
Calculating loss...:  44%|████▍     | 22/50 [00:14<00:18,  1.53it/s]
Calculating loss...:  46%|████▌     | 23/50 [00:15<00:17,  1.53it/s]
Calculating loss...:  48%|████▊     | 24/50 [00:16<00:17,  1.52it/s]
Calculating loss...:  50%|█████     | 25/50 [00:16<00:16,  1.54it/s]
Calculating loss...:  52%|█████▏    | 26/50 [00:17<00:15,  1.52it/s]
Calculating loss...:  54%|█████▍    | 27/50 [00:18<00:15,  1.52it/s]
Calculating loss...:  56%|█████▌    | 28/50 [00:18<00:14,  1.53it/s]
Calculating loss...:  58%|█████▊    | 29/50 [00:19<00:14,  1.49it/s]
Calculating loss...:  60%|██████    | 30/50 [00:20<00:13,  1.45it/s]
Calculating loss...:  62%|██████▏   | 31/50 [00:20<00:12,  1.49it/s]
Calculating loss...:  64%|██████▍   | 32/50 [00:21<00:11,  1.52it/s]
Calculating loss...:  66%|██████▌   | 33/50 [00:22<00:11,  1.51it/s]
Calculating loss...:  68%|██████▊   | 34/50 [00:23<00:11,  1.43it/s]
Calculating loss...:  70%|███████   | 35/50 [00:23<00:10,  1.45it/s]
Calculating loss...:  72%|███████▏  | 36/50 [00:24<00:10,  1.34it/s]
Calculating loss...:  74%|███████▍  | 37/50 [00:25<00:09,  1.31it/s]
Calculating loss...:  76%|███████▌  | 38/50 [00:26<00:08,  1.37it/s]
Calculating loss...:  78%|███████▊  | 39/50 [00:26<00:08,  1.29it/s]
Calculating loss...:  80%|████████  | 40/50 [00:27<00:07,  1.29it/s]
Calculating loss...:  82%|████████▏ | 41/50 [00:28<00:07,  1.28it/s]
Calculating loss...:  84%|████████▍ | 42/50 [00:29<00:06,  1.22it/s]
Calculating loss...:  86%|████████▌ | 43/50 [00:30<00:05,  1.31it/s]
Calculating loss...:  88%|████████▊ | 44/50 [00:30<00:04,  1.37it/s]
Calculating loss...:  90%|█████████ | 45/50 [00:31<00:03,  1.38it/s]
Calculating loss...:  92%|█████████▏| 46/50 [00:32<00:02,  1.41it/s]
Calculating loss...:  94%|█████████▍| 47/50 [00:32<00:02,  1.43it/s]
Calculating loss...:  96%|█████████▌| 48/50 [00:33<00:01,  1.48it/s]
Calculating loss...:  98%|█████████▊| 49/50 [00:34<00:00,  1.48it/s]
Calculating loss...: 100%|██████████| 50/50 [00:34<00:00,  1.38it/s]
Calculating loss...: 100%|██████████| 50/50 [00:34<00:00,  1.43it/s]
Iter 1350: Val loss 0.709, Val took 34.876s
Iter 1350: Train loss 0.657, Learning Rate 1.000e-05, It/sec 0.815, Tokens/sec 85.069, Trained Tokens 188517, Peak mem 4.742 GB
Iter 1350: Saved adapter weights to artifacts/stage5/candidate_01/adapter/adapters.safetensors and artifacts/stage5/candidate_01/adapter/0001350_adapters.safetensors.
Saved final weights to artifacts/stage5/candidate_01/adapter/adapters.safetensors.
